// Jest Snapshot v1, https://goo.gl/fbAQLP

exports[`data-loader can specify arguments for data loader 1`] = `
Object {
  "loadAllCompletedCalled": 1,
  "loadDataCount": 1,
  "passedParams": Object {
    "bar": 1,
    "id": "testKey",
    "paramsCacheKey": "7a4496e0",
    "resourceType": "testDataType",
  },
  "renderActions": Object {
    "refresh": [Function],
  },
  "renderCount": 2,
  "renderProps": Object {
    "data": Object {
      "dataFromServerSideRender": false,
      "hasData": true,
      "result": Object {
        "result": "Test",
      },
    },
    "lastAction": Object {
      "success": true,
      "type": "fetch",
    },
    "status": "Idle",
  },
}
`;
